0 1 1 1 0
0 2 x 2 0
0 3 x 3 0
0 2 x 2 0
0 1 1 1 0
